// Jest Snapshot v1, https://goo.gl/fbAQLP

exports[`Button component should render with external link "https://example.com" 1`] = `
<button
  className="p-2 btn-standard border-black border-2 text-white text-shadow "
>
  <a
    href="https://example.com"
  >
    <div
      className="flex justify-around items-center"
    >
      test
    </div>
  </a>
</button>
`;

exports[`Button component should render with external link "https://runelite.net/" 1`] = `
<button
  className="p-2 btn-standard border-black border-2 text-white text-shadow "
>
  <a
    href="https://runelite.net/"
  >
    <div
      className="flex justify-around items-center"
    >
      test
    </div>
  </a>
</button>
`;

exports[`Button component should render with icon "discord" 1`] = `
<button
  className="p-2 btn-standard border-black border-2 text-white text-shadow "
>
  <div
    className="flex justify-around items-center"
  >
    <img
      alt="discord"
      className="w-[40px]"
      src="discord.png"
    />
    test
  </div>
</button>
`;

exports[`Button component should render with icon "github" 1`] = `
<button
  className="p-2 btn-standard border-black border-2 text-white text-shadow "
>
  <div
    className="flex justify-around items-center"
  >
    <img
      alt="github"
      className="w-[40px]"
      src="github.png"
    />
    test
  </div>
</button>
`;

exports[`Button component should render with title "Search" 1`] = `
<button
  className="p-2 btn-standard border-black border-2 text-white text-shadow "
>
  <div
    className="flex justify-around items-center"
  >
    Search
  </div>
</button>
`;

exports[`Button component should render with title "Show Options" 1`] = `
<button
  className="p-2 btn-standard border-black border-2 text-white text-shadow "
>
  <div
    className="flex justify-around items-center"
  >
    Show Options
  </div>
</button>
`;
